
ASEM-51 V1.3                                         Copyright (c) 2002 by W.W. Heinz                                         PAGE 1





       MCS-51 Family Macro Assembler   A S E M - 5 1   V 1.3
       =====================================================



	Source File:	..\..\test.asm
	Object File:	Debug.HEX
	List File:	Debug.lst



 Line  I  Addr  Code            Source

    1:		N      0000	ORG 0000H
    2:
    3:					;0
    4:	  0000	30			DB	00110000B ;SET R0,58H
    5:	  0001	58			DB	58H ;
    6:	  0002	68			DB	01101000B ;MOV R2,R0
    7:	  0003	34			DB	00110100B ;SET R1,23H
    8:	  0004	23			DB	23H ;
    9:	  0005	6D			DB	01101101B ;MOV R3,R1
   10:
   11:					;6
   12:					;计算低四位
   13:	  0006	E0			DB	11100000B ;ANDI R0,0FH
   14:	  0007	0F			DB	0FH ;
   15:	  0008	E4			DB	11100100B ;ANDI R1,0FH
   16:	  0009	0F			DB	0FH ;
   17:					;计算高四位
   18:	  000A	E8			DB	11101000B ;ANDI R2,F0H
   19:	  000B	F0			DB	11110000B ;
   20:	  000C	EC			DB	11101100B ;ANDI R3,F0H
   21:	  000D	F0			DB	11110000B ;
   22:
   23:					;14
   24:					;处理低四位
   25:	  000E	D1			DB	11010001B ;ADD R0,R1
   26:	  000F	64			DB	01100100B ;MOV R1,R0
   27:	  0010	01			DB	00000001B ;HLT
   28:	  0011	D0			DB	11010000B ;ADDI R0,11110110
   29:	  0012	F6			DB	11110110B ;
   30:	  0013	14			DB	00010100B ;JC []
   31:	  0014	18			DB	00011000B ;
   32:
   33:					;21
   34:					;处理高四位
   35:	  0015	DB			DB	11011011B ;ADD R2,R3
   36:	  0016	D6			DB	11010110B ;ADD R1,R2
   37:	  0017	01			DB	00000001B ;HLT
   38:
   39:					;24
   40:					;低位进位
   41:
   42:	  0018	C4			DB	11000100B ;SUBI R1,0AH
   43:	  0019	0A			DB	00001010B ;

ASEM-51 V1.3                                         Copyright (c) 2002 by W.W. Heinz                                         PAGE 2



 Line  I  Addr  Code            Source

   44:	  001A	01			DB	00000001B ;HLT
   45:	  001B	D8			DB	11011000B ;ADDI R2,00010000
   46:	  001C	10			DB	00010000B ;
   47:	  001D	10			DB	00010000B ;JUMP []
   48:	  001E	15			DB	00010101B ;21
   49:
   50:				END
   51:
   52:
   53:
   54:
   55:
   56:
   57:
   58:
   59:
   60:
   61:
   62:
   63:
   64:
   65:
   66:
   67:





                     register banks used:  ---

                     no errors




ASEM-51 V1.3                                         Copyright (c) 2002 by W.W. Heinz                                         PAGE 3





	       L I S T   O F   S Y M B O L S
	       =============================


SYMBOL				  TYPE     VALUE	LINE
------------------------------------------------------------
??ASEM_51			  NUMBER    8051
??VERSION			  NUMBER    0130
AC				  BIT	      D6
ACC				  DATA	      E0
B				  DATA	      F0
CY				  BIT	      D7
DPH				  DATA	      83
DPL				  DATA	      82
EA				  BIT	      AF
ES				  BIT	      AC
ET0				  BIT	      A9
ET1				  BIT	      AB
EX0				  BIT	      A8
EX1				  BIT	      AA
EXTI0				  CODE	    0003
EXTI1				  CODE	    0013
F0				  BIT	      D5
IE				  DATA	      A8
IE0				  BIT	      89
IE1				  BIT	      8B
INT0				  BIT	      B2
INT1				  BIT	      B3
IP				  DATA	      B8
IT0				  BIT	      88
IT1				  BIT	      8A
OV				  BIT	      D2
P				  BIT	      D0
P0				  DATA	      80
P1				  DATA	      90
P2				  DATA	      A0
P3				  DATA	      B0
PCON				  DATA	      87
PS				  BIT	      BC
PSW				  DATA	      D0
PT0				  BIT	      B9
PT1				  BIT	      BB
PX0				  BIT	      B8
PX1				  BIT	      BA
RB8				  BIT	      9A
RD				  BIT	      B7
REN				  BIT	      9C
RESET				  CODE	    0000
RI				  BIT	      98
RS0				  BIT	      D3
RS1				  BIT	      D4
RXD				  BIT	      B0
SBUF				  DATA	      99
SCON				  DATA	      98
SINT				  CODE	    0023
SM0				  BIT	      9F

ASEM-51 V1.3                                         Copyright (c) 2002 by W.W. Heinz                                         PAGE 4



SYMBOL				  TYPE     VALUE	LINE
------------------------------------------------------------
SM1				  BIT	      9E
SM2				  BIT	      9D
SP				  DATA	      81
T0				  BIT	      B4
T1				  BIT	      B5
TB8				  BIT	      9B
TCON				  DATA	      88
TF0				  BIT	      8D
TF1				  BIT	      8F
TH0				  DATA	      8C
TH1				  DATA	      8D
TI				  BIT	      99
TIMER0				  CODE	    000B
TIMER1				  CODE	    001B
TL0				  DATA	      8A
TL1				  DATA	      8B
TMOD				  DATA	      89
TR0				  BIT	      8C
TR1				  BIT	      8E
TXD				  BIT	      B1
WR				  BIT	      B6
